Starting a Gradle Daemon, 11 stopped Daemons could not be reused, use --status for details
.\gradlew : The message received from the daemon indicates that the daemon has 
disappeared.
At line:1 char:1
+ .\gradlew assembleDebug 2>&1 | Tee-Object -FilePath "build_output.txt ...
+ ~~~~~~~~~~~~~~~~~~~~~~~~~~~~
    + CategoryInfo          : NotSpecified: (The message rec...as disappeared. 
   :String) [], RemoteException
    + FullyQualifiedErrorId : NativeCommandError
 
Build request sent: Build{id=d11e9d64-3143-44b4-8838-75f0bb40b4ff, 
currentDir=D:\ASUS\Documents\vin-music-v2}
Attempting to read last messages from the daemon log...
Daemon pid: 25672
  log file: D:\ASUS\GradleCache\daemon\9.4.1\daemon-25672.out.log
----- Last 20 lines from daemon log file - daemon-25672.out.log -----
2026-06-02T00:17:23.295+0530 [DEBUG] 
[org.gradle.launcher.daemon.server.SynchronizedDispatchConnection] thread 41: 
received class org.gradle.launcher.daemon.protocol.Build
2026-06-02T00:17:23.295+0530 [DEBUG] 
[org.gradle.launcher.daemon.server.DefaultDaemonConnection] thread 41: 
Received non-IO message from client: 
Build{id=d11e9d64-3143-44b4-8838-75f0bb40b4ff, 
currentDir=D:\ASUS\Documents\vin-music-v2}
2026-06-02T00:17:23.295+0530 [INFO] 
[org.gradle.launcher.daemon.server.DefaultIncomingConnectionHandler] Received 
command: Build{id=d11e9d64-3143-44b4-8838-75f0bb40b4ff, 
currentDir=D:\ASUS\Documents\vin-music-v2}.
2026-06-02T00:17:23.295+0530 [DEBUG] 
[org.gradle.launcher.daemon.server.DefaultIncomingConnectionHandler] Starting 
executing command: Build{id=d11e9d64-3143-44b4-8838-75f0bb40b4ff, 
currentDir=D:\ASUS\Documents\vin-music-v2} with connection: socket connection 
from /127.0.0.1:60920 to /127.0.0.1:60921.
2026-06-02T00:17:23.298+0530 [DEBUG] 
[org.gradle.launcher.daemon.server.DaemonStateCoordinator] Command execution: 
started DaemonCommandExecution[command = 
Build{id=d11e9d64-3143-44b4-8838-75f0bb40b4ff, 
currentDir=D:\ASUS\Documents\vin-music-v2}, connection = 
DefaultDaemonConnection: socket connection from /127.0.0.1:60920 to 
/127.0.0.1:60921] after 0.0024333333333333334 minutes of idle
2026-06-02T00:17:23.298+0530 [INFO] 
[org.gradle.launcher.daemon.server.DaemonRegistryUpdater] Marking the daemon 
as busy, address: [7e120010-6f15-4c74-9d43-d2155139dae8 port:60920, 
addresses:[localhost/127.0.0.1]]
2026-06-02T00:17:23.298+0530 [DEBUG] 
[org.gradle.launcher.daemon.registry.PersistentDaemonRegistry] Marking busy by 
address: [7e120010-6f15-4c74-9d43-d2155139dae8 port:60920, 
addresses:[localhost/127.0.0.1]]
2026-06-02T00:17:23.299+0530 [DEBUG] 
[org.gradle.cache.internal.DefaultFileLockManager] Waiting to acquire 
exclusive lock on daemon addresses registry.
2026-06-02T00:17:23.300+0530 [DEBUG] 
[org.gradle.cache.internal.DefaultFileLockManager] Lock acquired on daemon 
addresses registry.
2026-06-02T00:17:23.301+0530 [DEBUG] 
[org.gradle.cache.internal.DefaultFileLockManager] Releasing lock on daemon 
addresses registry.
2026-06-02T00:17:23.302+0530 [DEBUG] 
[org.gradle.launcher.daemon.server.DaemonStateCoordinator] resetting idle timer
2026-06-02T00:17:23.302+0530 [DEBUG] 
[org.gradle.launcher.daemon.server.DaemonStateCoordinator] daemon is running. 
Sleeping until state changes.
2026-06-02T00:17:23.303+0530 [INFO] 
[org.gradle.launcher.daemon.server.exec.StartBuildOrRespondWithBusy] Daemon is 
about to start building Build{id=d11e9d64-3143-44b4-8838-75f0bb40b4ff, 
currentDir=D:\ASUS\Documents\vin-music-v2}. Dispatching build started 
information...
2026-06-02T00:17:23.303+0530 [DEBUG] 
[org.gradle.launcher.daemon.server.SynchronizedDispatchConnection] thread 43: 
dispatching org.gradle.launcher.daemon.protocol.BuildStarted@441f6642
2026-06-02T00:17:23.305+0530 [DEBUG] 
[org.gradle.launcher.daemon.server.exec.EstablishBuildEnvironment] Configuring 
env variables: [USERDOMAIN_ROAMINGPROFILE, PYDEVD_DISABLE_FILE_VALIDATION, 
EFC_32892_3789132940, PROCESSOR_LEVEL, GIT_MERGE_AUTOEDIT, PYTHON_BASIC_REPL, 
GIT_PAGER, SESSIONNAME, ALLUSERSPROFILE, PROCESSOR_ARCHITECTURE, 
EFC_32892_344590478, VSCODE_PYTHON_AUTOACTIVATE_GUARD, VSCODE_GIT_IPC_HANDLE, 
PSModulePath, SystemDrive, COPILOT_DEBUG_NONCE, VSCODE_INJECTION, ACSvcPort, 
COLORTERM, DIRNAME, USERNAME, EFC_32892_4126798990, VSCODE_GIT_ASKPASS_NODE, 
TERM_PROGRAM_VERSION, ProgramFiles(x86), GIT_ASKPASS, ACSetupSvcPort, 
CHROME_CRASHPAD_PIPE_NAME, VSCODE_DEBUGPY_ADAPTER_ENDPOINTS, 
FPS_BROWSER_USER_PROFILE_STRING, APP_HOME, COPILOT_AGENT, DEFAULT_JVM_OPTS, 
PATHEXT, DriverData, OneDriveConsumer, EFC_32892_1262719628, ProgramData, 
ProgramW6432, HOMEPATH, PROCESSOR_IDENTIFIER, ProgramFiles, PUBLIC, windir, 
LOCALAPPDATA, ChocolateyLastPathUpdate, EFC_32892_1592913036, USERDOMAIN, 
FPS_BROWSER_APP_PROFILE_STRING, LOGONSERVER, JAVA_HOME, PROMPT, GIT_EDITOR, 
LANG, RlsSvcPort, VSCODE_GIT_ASKPASS_MAIN, EFC_32892_2283032206, 
EFC_32892_2775293581, OneDrive, APPDATA, GRADLE_USER_HOME, PYTHONSTARTUP, 
JAVA_EXE, VSCODE_GIT_ASKPASS_EXTRA_ARGS, ChocolateyInstall, 
BUNDLED_DEBUGPY_PATH, CommonProgramFiles, Path, OS, TERM_PROGRAM, 
COMPUTERNAME, PROCESSOR_REVISION, CommonProgramW6432, ComSpec, APP_BASE_NAME, 
=D:, SystemRoot, TEMP, HOMEDRIVE, USERPROFILE, TMP, CommonProgramFiles(x86), 
NUMBER_OF_PROCESSORS]
2026-06-02T00:17:23.310+0530 [DEBUG] 
[org.gradle.launcher.daemon.server.exec.LogToClient] About to start relaying 
all logs to the client via the connection.
2026-06-02T00:17:23.311+0530 [INFO] 
[org.gradle.launcher.daemon.server.exec.LogToClient] The client will now 
receive all logging from the daemon (pid: 25672). The daemon log file: 
D:\ASUS\GradleCache\daemon\9.4.1\daemon-25672.out.log
2026-06-02T00:17:23.312+0530 [INFO] 
[org.gradle.launcher.daemon.server.exec.LogAndCheckHealth] Starting build in 
new daemon [memory: 1 GiB]
2026-06-02T00:17:23.320+0530 [DEBUG] 
[org.gradle.launcher.daemon.server.exec.ExecuteBuild] The daemon has started 
executing the build.
2026-06-02T00:17:23.321+0530 [DEBUG] 
[org.gradle.launcher.daemon.server.exec.ExecuteBuild] Executing build with 
daemon context: DefaultDaemonContext[uid=c78d353e-ed4c-476d-b722-1f613ffc1a1e,j
avaHome=C:\Program Files\Eclipse 
Adoptium\jdk-21.0.11.10-hotspot,javaVersion=21,javaVendor=Eclipse Adoptium,daem
onRegistryDir=D:\ASUS\GradleCache\daemon,pid=25672,idleTimeout=30000,priority=N
ORMAL,applyInstrumentationAgent=true,nativeServicesMode=ENABLED,daemonOpts=-XX:
MaxMetaspaceSize=256m,-Xmx1024m,-Dfile.encoding=UTF-8,-Duser.country=US,-Duser.
language=en,-Duser.variant]----- End of the daemon log -----

JVM crash log found: file:///D:/ASUS/Documents/vin-music-v2/hs_err_pid25672.log

FAILURE: Build failed with an exception.

* What went wrong:
Gradle build daemon disappeared unexpectedly (it may have been killed or may 
have crashed)

* Try:
> Run with --stacktrace option to get the stack trace.
> Run with --info or --debug option to get more log output.
> Run with --scan to get full insights from a Build Scan (powered by 
Develocity).
> Get more help at https://help.gradle.org.
